// Jest Snapshot v1, https://goo.gl/fbAQLP

exports[`Main component should match initial snapshot 1`] = `
Object {
  "asFragment": [Function],
  "baseElement": <body>
    <div>
      <div
        id="main"
      >
        <div
          class="pa2 br3 searchbox"
        >
          <input
            class="f4 pa2 w-100 ba bw1 custom-field"
            placeholder="find your favorite Star Wars character..."
            type="search"
          />
        </div>
        <div
          class="cardlist"
        >
          <button
            class="card pointer"
            id="0"
            type="button"
          >
            <img
              alt="character-portrait"
              id="0"
              src="https://starwars-visualguide.com/assets/img/characters/1.jpg"
            />
            <div
              class="name"
              id="0"
            >
              Anakin Skywalker
            </div>
          </button>
          <button
            class="card pointer"
            id="1"
            type="button"
          >
            <img
              alt="character-portrait"
              id="1"
              src="https://starwars-visualguide.com/assets/img/characters/2.jpg"
            />
            <div
              class="name"
              id="1"
            >
              Obi-Wan Kenoby
            </div>
          </button>
          <button
            class="card pointer"
            id="2"
            type="button"
          >
            <img
              alt="character-portrait"
              id="2"
              src="https://starwars-visualguide.com/assets/img/characters/3.jpg"
            />
            <div
              class="name"
              id="2"
            >
              Yoda
            </div>
          </button>
          <button
            class="card pointer"
            id="3"
            type="button"
          >
            <img
              alt="character-portrait"
              id="3"
              src="https://starwars-visualguide.com/assets/img/characters/4.jpg"
            />
            <div
              class="name"
              id="3"
            >
              Darth Vader
            </div>
          </button>
          <button
            class="card pointer"
            id="4"
            type="button"
          >
            <img
              alt="character-portrait"
              id="4"
              src="https://starwars-visualguide.com/assets/img/characters/5.jpg"
            />
            <div
              class="name"
              id="4"
            >
              Luke Skywalker
            </div>
          </button>
          <button
            class="card pointer"
            id="5"
            type="button"
          >
            <img
              alt="character-portrait"
              id="5"
              src="https://starwars-visualguide.com/assets/img/characters/6.jpg"
            />
            <div
              class="name"
              id="5"
            >
              Palpatine
            </div>
          </button>
        </div>
      </div>
    </div>
  </body>,
  "container": <div>
    <div
      id="main"
    >
      <div
        class="pa2 br3 searchbox"
      >
        <input
          class="f4 pa2 w-100 ba bw1 custom-field"
          placeholder="find your favorite Star Wars character..."
          type="search"
        />
      </div>
      <div
        class="cardlist"
      >
        <button
          class="card pointer"
          id="0"
          type="button"
        >
          <img
            alt="character-portrait"
            id="0"
            src="https://starwars-visualguide.com/assets/img/characters/1.jpg"
          />
          <div
            class="name"
            id="0"
          >
            Anakin Skywalker
          </div>
        </button>
        <button
          class="card pointer"
          id="1"
          type="button"
        >
          <img
            alt="character-portrait"
            id="1"
            src="https://starwars-visualguide.com/assets/img/characters/2.jpg"
          />
          <div
            class="name"
            id="1"
          >
            Obi-Wan Kenoby
          </div>
        </button>
        <button
          class="card pointer"
          id="2"
          type="button"
        >
          <img
            alt="character-portrait"
            id="2"
            src="https://starwars-visualguide.com/assets/img/characters/3.jpg"
          />
          <div
            class="name"
            id="2"
          >
            Yoda
          </div>
        </button>
        <button
          class="card pointer"
          id="3"
          type="button"
        >
          <img
            alt="character-portrait"
            id="3"
            src="https://starwars-visualguide.com/assets/img/characters/4.jpg"
          />
          <div
            class="name"
            id="3"
          >
            Darth Vader
          </div>
        </button>
        <button
          class="card pointer"
          id="4"
          type="button"
        >
          <img
            alt="character-portrait"
            id="4"
            src="https://starwars-visualguide.com/assets/img/characters/5.jpg"
          />
          <div
            class="name"
            id="4"
          >
            Luke Skywalker
          </div>
        </button>
        <button
          class="card pointer"
          id="5"
          type="button"
        >
          <img
            alt="character-portrait"
            id="5"
            src="https://starwars-visualguide.com/assets/img/characters/6.jpg"
          />
          <div
            class="name"
            id="5"
          >
            Palpatine
          </div>
        </button>
      </div>
    </div>
  </div>,
  "debug": [Function],
  "findAllByAltText": [Function],
  "findAllByDisplayValue": [Function],
  "findAllByLabelText": [Function],
  "findAllByPlaceholderText": [Function],
  "findAllByRole": [Function],
  "findAllByTestId": [Function],
  "findAllByText": [Function],
  "findAllByTitle": [Function],
  "findByAltText": [Function],
  "findByDisplayValue": [Function],
  "findByLabelText": [Function],
  "findByPlaceholderText": [Function],
  "findByRole": [Function],
  "findByTestId": [Function],
  "findByText": [Function],
  "findByTitle": [Function],
  "getAllByAltText": [Function],
  "getAllByDisplayValue": [Function],
  "getAllByLabelText": [Function],
  "getAllByPlaceholderText": [Function],
  "getAllByRole": [Function],
  "getAllByTestId": [Function],
  "getAllByText": [Function],
  "getAllByTitle": [Function],
  "getByAltText": [Function],
  "getByDisplayValue": [Function],
  "getByLabelText": [Function],
  "getByPlaceholderText": [Function],
  "getByRole": [Function],
  "getByTestId": [Function],
  "getByText": [Function],
  "getByTitle": [Function],
  "queryAllByAltText": [Function],
  "queryAllByDisplayValue": [Function],
  "queryAllByLabelText": [Function],
  "queryAllByPlaceholderText": [Function],
  "queryAllByRole": [Function],
  "queryAllByTestId": [Function],
  "queryAllByText": [Function],
  "queryAllByTitle": [Function],
  "queryByAltText": [Function],
  "queryByDisplayValue": [Function],
  "queryByLabelText": [Function],
  "queryByPlaceholderText": [Function],
  "queryByRole": [Function],
  "queryByTestId": [Function],
  "queryByText": [Function],
  "queryByTitle": [Function],
  "rerender": [Function],
  "unmount": [Function],
}
`;
